Error: 400: Incorrect email or password
Traceback (most recent call last):
  File "C:\Users\SENA\Documents\OHTUIE\app\api\v1\endpoints\login.py", line 26, in login_access_token
    raise HTTPException(status_code=400, detail="Incorrect email or password")
    ^^^^^^^^^^^^^^^^^^^^^^^^^^^^^^^^^^^^^^^^^^^^^^^^^^^^^^^^^^^^^^^^^^^^^^^^^^
fastapi.exceptions.HTTPException: 400: Incorrect email or password

[2026-02-20 20:11:26.837503] Error: (sqlalchemy.dialects.postgresql.asyncpg.Error) <class 'asyncpg.exceptions.ConnectionDoesNotExistError'>: connection was closed in the middle of operation
[SQL: SELECT users.id, users.email, users.hashed_password, users.full_name, users.birthday, users.role, users.is_active, users.created_at, users.updated_at 
FROM users 
WHERE users.email = %s]
[parameters: ('admin@ohtuie.com',)]
(Background on this error at: https://sqlalche.me/e/14/dbapi)
Traceback (most recent call last):
  File "C:\Users\SENA\AppData\Local\Programs\Python\Python311\Lib\asyncio\selector_events.py", line 962, in _read_ready__get_buffer
    nbytes = self._sock.recv_into(buf)
             ^^^^^^^^^^^^^^^^^^^^^^^^^
ConnectionResetError: [WinError 10054] Se ha forzado la interrupción de una conexión existente por el host remoto

The above exception was the direct cause of the following exception:

Traceback (most recent call last):
  File "C:\Users\SENA\Documents\OHTUIE\.venv\Lib\site-packages\sqlalchemy\dialects\postgresql\asyncpg.py", line 714, in _start_transaction
    await self._transaction.start()
    ^^^^^^^^^^^^^^^^^^^^^^^^^^^^^^^
  File "C:\Users\SENA\Documents\OHTUIE\.venv\Lib\site-packages\asyncpg\transaction.py", line 146, in start
    await self._connection.execute(query)
    ^^^^^^^^^^^^^^^^^^^^^^^^^^^^^^^^^^^^^
  File "C:\Users\SENA\Documents\OHTUIE\.venv\Lib\site-packages\asyncpg\connection.py", line 354, in execute
    result = await self._protocol.query(query, timeout)
             ^^^^^^^^^^^^^^^^^^^^^^^^^^^^^^^^^^^^^^^^^^
  File "asyncpg/protocol/protocol.pyx", line 369, in query
asyncpg.exceptions.ConnectionDoesNotExistError: connection was closed in the middle of operation

The above exception was the direct cause of the following exception:

Traceback (most recent call last):
  File "C:\Users\SENA\Documents\OHTUIE\.venv\Lib\site-packages\sqlalchemy\engine\base.py", line 1900, in _execute_context
    self.dialect.do_execute(
    ^^^^^^^^^^^^^^^^^^^^^^^^
  File "C:\Users\SENA\Documents\OHTUIE\.venv\Lib\site-packages\sqlalchemy\engine\default.py", line 736, in do_execute
    cursor.execute(statement, parameters)
    ^^^^^^^^^^^^^^^^^^^^^^^^^^^^^^^^^^^^^
  File "C:\Users\SENA\Documents\OHTUIE\.venv\Lib\site-packages\sqlalchemy\dialects\postgresql\asyncpg.py", line 479, in execute
    self._adapt_connection.await_(
    ^^^^^^^^^^^^^^^^^^^^^^^^^^^^^^
  File "C:\Users\SENA\Documents\OHTUIE\.venv\Lib\site-packages\sqlalchemy\util\_concurrency_py3k.py", line 68, in await_only
    return current.driver.switch(awaitable)
           ^^^^^^^^^^^^^^^^^^^^^^^^^^^^^^^^
  File "C:\Users\SENA\Documents\OHTUIE\.venv\Lib\site-packages\sqlalchemy\util\_concurrency_py3k.py", line 121, in greenlet_spawn
    value = await result
            ^^^^^^^^^^^^
  File "C:\Users\SENA\Documents\OHTUIE\.venv\Lib\site-packages\sqlalchemy\dialects\postgresql\asyncpg.py", line 408, in _prepare_and_execute
    await adapt_connection._start_transaction()
    ^^^^^^^^^^^^^^^^^^^^^^^^^^^^^^^^^^^^^^^^^^^
  File "C:\Users\SENA\Documents\OHTUIE\.venv\Lib\site-packages\sqlalchemy\dialects\postgresql\asyncpg.py", line 716, in _start_transaction
    self._handle_exception(error)
    ^^^^^^^^^^^^^^^^^^^^^^^^^^^^^
  File "C:\Users\SENA\Documents\OHTUIE\.venv\Lib\site-packages\sqlalchemy\dialects\postgresql\asyncpg.py", line 682, in _handle_exception
    raise translated_error from error
    ^^^^^^^^^^^^^^^^^^^^^^^^^^^^^^^^^
sqlalchemy.dialects.postgresql.asyncpg.AsyncAdapt_asyncpg_dbapi.Error: <class 'asyncpg.exceptions.ConnectionDoesNotExistError'>: connection was closed in the middle of operation

The above exception was the direct cause of the following exception:

Traceback (most recent call last):
  File "C:\Users\SENA\Documents\OHTUIE\app\api\v1\endpoints\login.py", line 22, in login_access_token
    user = await crud.user.authenticate(
           ^^^^^^^^^^^^^^^^^^^^^^^^^^^^^
  File "C:\Users\SENA\Documents\OHTUIE\app\crud\crud_user.py", line 43, in authenticate
    user = await self.get_by_email(db, email=email)
           ^^^^^^^^^^^^^^^^^^^^^^^^^^^^^^^^^^^^^^^^
  File "C:\Users\SENA\Documents\OHTUIE\app\crud\crud_user.py", line 13, in get_by_email
    result = await db.execute(select(User).filter(User.email == email))
             ^^^^^^^^^^^^^^^^^^^^^^^^^^^^^^^^^^^^^^^^^^^^^^^^^^^^^^^^^^
  File "C:\Users\SENA\Documents\OHTUIE\.venv\Lib\site-packages\sqlalchemy\ext\asyncio\session.py", line 215, in execute
    result = await greenlet_spawn(
             ^^^^^^^^^^^^^^^^^^^^^
  File "C:\Users\SENA\Documents\OHTUIE\.venv\Lib\site-packages\sqlalchemy\util\_concurrency_py3k.py", line 126, in greenlet_spawn
    result = context.throw(*sys.exc_info())
             ^^^^^^^^^^^^^^^^^^^^^^^^^^^^^^
  File "C:\Users\SENA\Documents\OHTUIE\.venv\Lib\site-packages\sqlalchemy\orm\session.py", line 1712, in execute
    result = conn._execute_20(statement, params or {}, execution_options)
             ^^^^^^^^^^^^^^^^^^^^^^^^^^^^^^^^^^^^^^^^^^^^^^^^^^^^^^^^^^^^
  File "C:\Users\SENA\Documents\OHTUIE\.venv\Lib\site-packages\sqlalchemy\engine\base.py", line 1705, in _execute_20
    return meth(self, args_10style, kwargs_10style, execution_options)
           ^^^^^^^^^^^^^^^^^^^^^^^^^^^^^^^^^^^^^^^^^^^^^^^^^^^^^^^^^^^
  File "C:\Users\SENA\Documents\OHTUIE\.venv\Lib\site-packages\sqlalchemy\sql\elements.py", line 333, in _execute_on_connection
    return connection._execute_clauseelement(
           ^^^^^^^^^^^^^^^^^^^^^^^^^^^^^^^^^^
  File "C:\Users\SENA\Documents\OHTUIE\.venv\Lib\site-packages\sqlalchemy\engine\base.py", line 1572, in _execute_clauseelement
    ret = self._execute_context(
          ^^^^^^^^^^^^^^^^^^^^^^
  File "C:\Users\SENA\Documents\OHTUIE\.venv\Lib\site-packages\sqlalchemy\engine\base.py", line 1943, in _execute_context
    self._handle_dbapi_exception(
    ^^^^^^^^^^^^^^^^^^^^^^^^^^^^^
  File "C:\Users\SENA\Documents\OHTUIE\.venv\Lib\site-packages\sqlalchemy\engine\base.py", line 2124, in _handle_dbapi_exception
    util.raise_(
    ^^^^^^^^^^^^
  File "C:\Users\SENA\Documents\OHTUIE\.venv\Lib\site-packages\sqlalchemy\util\compat.py", line 208, in raise_
    raise exception
    ^^^^^^^^^^^^^^^
  File "C:\Users\SENA\Documents\OHTUIE\.venv\Lib\site-packages\sqlalchemy\engine\base.py", line 1900, in _execute_context
    self.dialect.do_execute(
    ^^^^^^^^^^^^^^^^^^^^^^^^
  File "C:\Users\SENA\Documents\OHTUIE\.venv\Lib\site-packages\sqlalchemy\engine\default.py", line 736, in do_execute
    cursor.execute(statement, parameters)
    ^^^^^^^^^^^^^^^^^^^^^^^^^^^^^^^^^^^^^
  File "C:\Users\SENA\Documents\OHTUIE\.venv\Lib\site-packages\sqlalchemy\dialects\postgresql\asyncpg.py", line 479, in execute
    self._adapt_connection.await_(
    ^^^^^^^^^^^^^^^^^^^^^^^^^^^^^^
  File "C:\Users\SENA\Documents\OHTUIE\.venv\Lib\site-packages\sqlalchemy\util\_concurrency_py3k.py", line 68, in await_only
    return current.driver.switch(awaitable)
           ^^^^^^^^^^^^^^^^^^^^^^^^^^^^^^^^
  File "C:\Users\SENA\Documents\OHTUIE\.venv\Lib\site-packages\sqlalchemy\util\_concurrency_py3k.py", line 121, in greenlet_spawn
    value = await result
            ^^^^^^^^^^^^
  File "C:\Users\SENA\Documents\OHTUIE\.venv\Lib\site-packages\sqlalchemy\dialects\postgresql\asyncpg.py", line 408, in _prepare_and_execute
    await adapt_connection._start_transaction()
    ^^^^^^^^^^^^^^^^^^^^^^^^^^^^^^^^^^^^^^^^^^^
  File "C:\Users\SENA\Documents\OHTUIE\.venv\Lib\site-packages\sqlalchemy\dialects\postgresql\asyncpg.py", line 716, in _start_transaction
    self._handle_exception(error)
    ^^^^^^^^^^^^^^^^^^^^^^^^^^^^^
  File "C:\Users\SENA\Documents\OHTUIE\.venv\Lib\site-packages\sqlalchemy\dialects\postgresql\asyncpg.py", line 682, in _handle_exception
    raise translated_error from error
    ^^^^^^^^^^^^^^^^^^^^^^^^^^^^^^^^^
sqlalchemy.exc.DBAPIError: (sqlalchemy.dialects.postgresql.asyncpg.Error) <class 'asyncpg.exceptions.ConnectionDoesNotExistError'>: connection was closed in the middle of operation
[SQL: SELECT users.id, users.email, users.hashed_password, users.full_name, users.birthday, users.role, users.is_active, users.created_at, users.updated_at 
FROM users 
WHERE users.email = %s]
[parameters: ('admin@ohtuie.com',)]
(Background on this error at: https://sqlalche.me/e/14/dbapi)

[2026-02-20 20:11:42.215298] Error: (sqlalchemy.dialects.postgresql.asyncpg.Error) <class 'asyncpg.exceptions.ConnectionDoesNotExistError'>: connection was closed in the middle of operation
[SQL: SELECT users.id, users.email, users.hashed_password, users.full_name, users.birthday, users.role, users.is_active, users.created_at, users.updated_at 
FROM users 
WHERE users.email = %s]
[parameters: ('admin@ohtuie.com',)]
(Background on this error at: https://sqlalche.me/e/14/dbapi)
Traceback (most recent call last):
  File "C:\Users\SENA\AppData\Local\Programs\Python\Python311\Lib\asyncio\selector_events.py", line 962, in _read_ready__get_buffer
    nbytes = self._sock.recv_into(buf)
             ^^^^^^^^^^^^^^^^^^^^^^^^^
ConnectionResetError: [WinError 10054] Se ha forzado la interrupción de una conexión existente por el host remoto

The above exception was the direct cause of the following exception:

Traceback (most recent call last):
  File "C:\Users\SENA\Documents\OHTUIE\.venv\Lib\site-packages\sqlalchemy\dialects\postgresql\asyncpg.py", line 714, in _start_transaction
    await self._transaction.start()
    ^^^^^^^^^^^^^^^^^^^^^^^^^^^^^^^
  File "C:\Users\SENA\Documents\OHTUIE\.venv\Lib\site-packages\asyncpg\transaction.py", line 146, in start
    await self._connection.execute(query)
    ^^^^^^^^^^^^^^^^^^^^^^^^^^^^^^^^^^^^^
  File "C:\Users\SENA\Documents\OHTUIE\.venv\Lib\site-packages\asyncpg\connection.py", line 354, in execute
    result = await self._protocol.query(query, timeout)
             ^^^^^^^^^^^^^^^^^^^^^^^^^^^^^^^^^^^^^^^^^^
  File "asyncpg/protocol/protocol.pyx", line 369, in query
asyncpg.exceptions.ConnectionDoesNotExistError: connection was closed in the middle of operation

The above exception was the direct cause of the following exception:

Traceback (most recent call last):
  File "C:\Users\SENA\Documents\OHTUIE\.venv\Lib\site-packages\sqlalchemy\engine\base.py", line 1900, in _execute_context
    self.dialect.do_execute(
    ^^^^^^^^^^^^^^^^^^^^^^^^
  File "C:\Users\SENA\Documents\OHTUIE\.venv\Lib\site-packages\sqlalchemy\engine\default.py", line 736, in do_execute
    cursor.execute(statement, parameters)
    ^^^^^^^^^^^^^^^^^^^^^^^^^^^^^^^^^^^^^
  File "C:\Users\SENA\Documents\OHTUIE\.venv\Lib\site-packages\sqlalchemy\dialects\postgresql\asyncpg.py", line 479, in execute
    self._adapt_connection.await_(
    ^^^^^^^^^^^^^^^^^^^^^^^^^^^^^^
  File "C:\Users\SENA\Documents\OHTUIE\.venv\Lib\site-packages\sqlalchemy\util\_concurrency_py3k.py", line 68, in await_only
    return current.driver.switch(awaitable)
           ^^^^^^^^^^^^^^^^^^^^^^^^^^^^^^^^
  File "C:\Users\SENA\Documents\OHTUIE\.venv\Lib\site-packages\sqlalchemy\util\_concurrency_py3k.py", line 121, in greenlet_spawn
    value = await result
            ^^^^^^^^^^^^
  File "C:\Users\SENA\Documents\OHTUIE\.venv\Lib\site-packages\sqlalchemy\dialects\postgresql\asyncpg.py", line 408, in _prepare_and_execute
    await adapt_connection._start_transaction()
    ^^^^^^^^^^^^^^^^^^^^^^^^^^^^^^^^^^^^^^^^^^^
  File "C:\Users\SENA\Documents\OHTUIE\.venv\Lib\site-packages\sqlalchemy\dialects\postgresql\asyncpg.py", line 716, in _start_transaction
    self._handle_exception(error)
    ^^^^^^^^^^^^^^^^^^^^^^^^^^^^^
  File "C:\Users\SENA\Documents\OHTUIE\.venv\Lib\site-packages\sqlalchemy\dialects\postgresql\asyncpg.py", line 682, in _handle_exception
    raise translated_error from error
    ^^^^^^^^^^^^^^^^^^^^^^^^^^^^^^^^^
sqlalchemy.dialects.postgresql.asyncpg.AsyncAdapt_asyncpg_dbapi.Error: <class 'asyncpg.exceptions.ConnectionDoesNotExistError'>: connection was closed in the middle of operation

The above exception was the direct cause of the following exception:

Traceback (most recent call last):
  File "C:\Users\SENA\Documents\OHTUIE\app\api\v1\endpoints\login.py", line 22, in login_access_token
    user = await crud.user.authenticate(
           ^^^^^^^^^^^^^^^^^^^^^^^^^^^^^
  File "C:\Users\SENA\Documents\OHTUIE\app\crud\crud_user.py", line 43, in authenticate
    user = await self.get_by_email(db, email=email)
           ^^^^^^^^^^^^^^^^^^^^^^^^^^^^^^^^^^^^^^^^
  File "C:\Users\SENA\Documents\OHTUIE\app\crud\crud_user.py", line 13, in get_by_email
    result = await db.execute(select(User).filter(User.email == email))
             ^^^^^^^^^^^^^^^^^^^^^^^^^^^^^^^^^^^^^^^^^^^^^^^^^^^^^^^^^^
  File "C:\Users\SENA\Documents\OHTUIE\.venv\Lib\site-packages\sqlalchemy\ext\asyncio\session.py", line 215, in execute
    result = await greenlet_spawn(
             ^^^^^^^^^^^^^^^^^^^^^
  File "C:\Users\SENA\Documents\OHTUIE\.venv\Lib\site-packages\sqlalchemy\util\_concurrency_py3k.py", line 126, in greenlet_spawn
    result = context.throw(*sys.exc_info())
             ^^^^^^^^^^^^^^^^^^^^^^^^^^^^^^
  File "C:\Users\SENA\Documents\OHTUIE\.venv\Lib\site-packages\sqlalchemy\orm\session.py", line 1712, in execute
    result = conn._execute_20(statement, params or {}, execution_options)
             ^^^^^^^^^^^^^^^^^^^^^^^^^^^^^^^^^^^^^^^^^^^^^^^^^^^^^^^^^^^^
  File "C:\Users\SENA\Documents\OHTUIE\.venv\Lib\site-packages\sqlalchemy\engine\base.py", line 1705, in _execute_20
    return meth(self, args_10style, kwargs_10style, execution_options)
           ^^^^^^^^^^^^^^^^^^^^^^^^^^^^^^^^^^^^^^^^^^^^^^^^^^^^^^^^^^^
  File "C:\Users\SENA\Documents\OHTUIE\.venv\Lib\site-packages\sqlalchemy\sql\elements.py", line 333, in _execute_on_connection
    return connection._execute_clauseelement(
           ^^^^^^^^^^^^^^^^^^^^^^^^^^^^^^^^^^
  File "C:\Users\SENA\Documents\OHTUIE\.venv\Lib\site-packages\sqlalchemy\engine\base.py", line 1572, in _execute_clauseelement
    ret = self._execute_context(
          ^^^^^^^^^^^^^^^^^^^^^^
  File "C:\Users\SENA\Documents\OHTUIE\.venv\Lib\site-packages\sqlalchemy\engine\base.py", line 1943, in _execute_context
    self._handle_dbapi_exception(
    ^^^^^^^^^^^^^^^^^^^^^^^^^^^^^
  File "C:\Users\SENA\Documents\OHTUIE\.venv\Lib\site-packages\sqlalchemy\engine\base.py", line 2124, in _handle_dbapi_exception
    util.raise_(
    ^^^^^^^^^^^^
  File "C:\Users\SENA\Documents\OHTUIE\.venv\Lib\site-packages\sqlalchemy\util\compat.py", line 208, in raise_
    raise exception
    ^^^^^^^^^^^^^^^
  File "C:\Users\SENA\Documents\OHTUIE\.venv\Lib\site-packages\sqlalchemy\engine\base.py", line 1900, in _execute_context
    self.dialect.do_execute(
    ^^^^^^^^^^^^^^^^^^^^^^^^
  File "C:\Users\SENA\Documents\OHTUIE\.venv\Lib\site-packages\sqlalchemy\engine\default.py", line 736, in do_execute
    cursor.execute(statement, parameters)
    ^^^^^^^^^^^^^^^^^^^^^^^^^^^^^^^^^^^^^
  File "C:\Users\SENA\Documents\OHTUIE\.venv\Lib\site-packages\sqlalchemy\dialects\postgresql\asyncpg.py", line 479, in execute
    self._adapt_connection.await_(
    ^^^^^^^^^^^^^^^^^^^^^^^^^^^^^^
  File "C:\Users\SENA\Documents\OHTUIE\.venv\Lib\site-packages\sqlalchemy\util\_concurrency_py3k.py", line 68, in await_only
    return current.driver.switch(awaitable)
           ^^^^^^^^^^^^^^^^^^^^^^^^^^^^^^^^
  File "C:\Users\SENA\Documents\OHTUIE\.venv\Lib\site-packages\sqlalchemy\util\_concurrency_py3k.py", line 121, in greenlet_spawn
    value = await result
            ^^^^^^^^^^^^
  File "C:\Users\SENA\Documents\OHTUIE\.venv\Lib\site-packages\sqlalchemy\dialects\postgresql\asyncpg.py", line 408, in _prepare_and_execute
    await adapt_connection._start_transaction()
    ^^^^^^^^^^^^^^^^^^^^^^^^^^^^^^^^^^^^^^^^^^^
  File "C:\Users\SENA\Documents\OHTUIE\.venv\Lib\site-packages\sqlalchemy\dialects\postgresql\asyncpg.py", line 716, in _start_transaction
    self._handle_exception(error)
    ^^^^^^^^^^^^^^^^^^^^^^^^^^^^^
  File "C:\Users\SENA\Documents\OHTUIE\.venv\Lib\site-packages\sqlalchemy\dialects\postgresql\asyncpg.py", line 682, in _handle_exception
    raise translated_error from error
    ^^^^^^^^^^^^^^^^^^^^^^^^^^^^^^^^^
sqlalchemy.exc.DBAPIError: (sqlalchemy.dialects.postgresql.asyncpg.Error) <class 'asyncpg.exceptions.ConnectionDoesNotExistError'>: connection was closed in the middle of operation
[SQL: SELECT users.id, users.email, users.hashed_password, users.full_name, users.birthday, users.role, users.is_active, users.created_at, users.updated_at 
FROM users 
WHERE users.email = %s]
[parameters: ('admin@ohtuie.com',)]
(Background on this error at: https://sqlalche.me/e/14/dbapi)

[2026-02-20 23:06:59.861824] Error: (sqlalchemy.dialects.postgresql.asyncpg.ProgrammingError) <class 'asyncpg.exceptions.UndefinedColumnError'>: column users.cycle_duration does not exist
[SQL: SELECT users.id, users.email, users.hashed_password, users.full_name, users.birthday, users.role, users.cycle_duration, users.period_duration, users.is_active, users.created_at, users.updated_at 
FROM users 
WHERE users.email = %s]
[parameters: ('luiyi4455@gmail.com',)]
(Background on this error at: https://sqlalche.me/e/14/f405)
Traceback (most recent call last):
  File "C:\Users\SENA\Documents\OHTUIE\.venv\Lib\site-packages\sqlalchemy\dialects\postgresql\asyncpg.py", line 418, in _prepare_and_execute
    prepared_stmt, attributes = await adapt_connection._prepare(
                                ^^^^^^^^^^^^^^^^^^^^^^^^^^^^^^^^
  File "C:\Users\SENA\Documents\OHTUIE\.venv\Lib\site-packages\sqlalchemy\dialects\postgresql\asyncpg.py", line 644, in _prepare
    prepared_stmt = await self._connection.prepare(operation)
                    ^^^^^^^^^^^^^^^^^^^^^^^^^^^^^^^^^^^^^^^^^
  File "C:\Users\SENA\Documents\OHTUIE\.venv\Lib\site-packages\asyncpg\connection.py", line 638, in prepare
    return await self._prepare(
           ^^^^^^^^^^^^^^^^^^^^
  File "C:\Users\SENA\Documents\OHTUIE\.venv\Lib\site-packages\asyncpg\connection.py", line 657, in _prepare
    stmt = await self._get_statement(
           ^^^^^^^^^^^^^^^^^^^^^^^^^^
  File "C:\Users\SENA\Documents\OHTUIE\.venv\Lib\site-packages\asyncpg\connection.py", line 443, in _get_statement
    statement = await self._protocol.prepare(
                ^^^^^^^^^^^^^^^^^^^^^^^^^^^^^
  File "asyncpg/protocol/protocol.pyx", line 165, in prepare
asyncpg.exceptions.UndefinedColumnError: column users.cycle_duration does not exist

The above exception was the direct cause of the following exception:

Traceback (most recent call last):
  File "C:\Users\SENA\Documents\OHTUIE\.venv\Lib\site-packages\sqlalchemy\engine\base.py", line 1900, in _execute_context
    self.dialect.do_execute(
    ^^^^^^^^^^^^^^^^^^^^^^^^
  File "C:\Users\SENA\Documents\OHTUIE\.venv\Lib\site-packages\sqlalchemy\engine\default.py", line 736, in do_execute
    cursor.execute(statement, parameters)
    ^^^^^^^^^^^^^^^^^^^^^^^^^^^^^^^^^^^^^
  File "C:\Users\SENA\Documents\OHTUIE\.venv\Lib\site-packages\sqlalchemy\dialects\postgresql\asyncpg.py", line 479, in execute
    self._adapt_connection.await_(
    ^^^^^^^^^^^^^^^^^^^^^^^^^^^^^^
  File "C:\Users\SENA\Documents\OHTUIE\.venv\Lib\site-packages\sqlalchemy\util\_concurrency_py3k.py", line 68, in await_only
    return current.driver.switch(awaitable)
           ^^^^^^^^^^^^^^^^^^^^^^^^^^^^^^^^
  File "C:\Users\SENA\Documents\OHTUIE\.venv\Lib\site-packages\sqlalchemy\util\_concurrency_py3k.py", line 121, in greenlet_spawn
    value = await result
            ^^^^^^^^^^^^
  File "C:\Users\SENA\Documents\OHTUIE\.venv\Lib\site-packages\sqlalchemy\dialects\postgresql\asyncpg.py", line 454, in _prepare_and_execute
    self._handle_exception(error)
    ^^^^^^^^^^^^^^^^^^^^^^^^^^^^^
  File "C:\Users\SENA\Documents\OHTUIE\.venv\Lib\site-packages\sqlalchemy\dialects\postgresql\asyncpg.py", line 389, in _handle_exception
    self._adapt_connection._handle_exception(error)
    ^^^^^^^^^^^^^^^^^^^^^^^^^^^^^^^^^^^^^^^^^^^^^^^
  File "C:\Users\SENA\Documents\OHTUIE\.venv\Lib\site-packages\sqlalchemy\dialects\postgresql\asyncpg.py", line 682, in _handle_exception
    raise translated_error from error
    ^^^^^^^^^^^^^^^^^^^^^^^^^^^^^^^^^
sqlalchemy.dialects.postgresql.asyncpg.AsyncAdapt_asyncpg_dbapi.ProgrammingError: <class 'asyncpg.exceptions.UndefinedColumnError'>: column users.cycle_duration does not exist

The above exception was the direct cause of the following exception:

Traceback (most recent call last):
  File "C:\Users\SENA\Documents\OHTUIE\app\api\v1\endpoints\login.py", line 22, in login_access_token
    user = await crud.user.authenticate(
           ^^^^^^^^^^^^^^^^^^^^^^^^^^^^^
  File "C:\Users\SENA\Documents\OHTUIE\app\crud\crud_user.py", line 43, in authenticate
    user = await self.get_by_email(db, email=email)
           ^^^^^^^^^^^^^^^^^^^^^^^^^^^^^^^^^^^^^^^^
  File "C:\Users\SENA\Documents\OHTUIE\app\crud\crud_user.py", line 13, in get_by_email
    result = await db.execute(select(User).filter(User.email == email))
             ^^^^^^^^^^^^^^^^^^^^^^^^^^^^^^^^^^^^^^^^^^^^^^^^^^^^^^^^^^
  File "C:\Users\SENA\Documents\OHTUIE\.venv\Lib\site-packages\sqlalchemy\ext\asyncio\session.py", line 215, in execute
    result = await greenlet_spawn(
             ^^^^^^^^^^^^^^^^^^^^^
  File "C:\Users\SENA\Documents\OHTUIE\.venv\Lib\site-packages\sqlalchemy\util\_concurrency_py3k.py", line 126, in greenlet_spawn
    result = context.throw(*sys.exc_info())
             ^^^^^^^^^^^^^^^^^^^^^^^^^^^^^^
  File "C:\Users\SENA\Documents\OHTUIE\.venv\Lib\site-packages\sqlalchemy\orm\session.py", line 1712, in execute
    result = conn._execute_20(statement, params or {}, execution_options)
             ^^^^^^^^^^^^^^^^^^^^^^^^^^^^^^^^^^^^^^^^^^^^^^^^^^^^^^^^^^^^
  File "C:\Users\SENA\Documents\OHTUIE\.venv\Lib\site-packages\sqlalchemy\engine\base.py", line 1705, in _execute_20
    return meth(self, args_10style, kwargs_10style, execution_options)
           ^^^^^^^^^^^^^^^^^^^^^^^^^^^^^^^^^^^^^^^^^^^^^^^^^^^^^^^^^^^
  File "C:\Users\SENA\Documents\OHTUIE\.venv\Lib\site-packages\sqlalchemy\sql\elements.py", line 333, in _execute_on_connection
    return connection._execute_clauseelement(
           ^^^^^^^^^^^^^^^^^^^^^^^^^^^^^^^^^^
  File "C:\Users\SENA\Documents\OHTUIE\.venv\Lib\site-packages\sqlalchemy\engine\base.py", line 1572, in _execute_clauseelement
    ret = self._execute_context(
          ^^^^^^^^^^^^^^^^^^^^^^
  File "C:\Users\SENA\Documents\OHTUIE\.venv\Lib\site-packages\sqlalchemy\engine\base.py", line 1943, in _execute_context
    self._handle_dbapi_exception(
    ^^^^^^^^^^^^^^^^^^^^^^^^^^^^^
  File "C:\Users\SENA\Documents\OHTUIE\.venv\Lib\site-packages\sqlalchemy\engine\base.py", line 2124, in _handle_dbapi_exception
    util.raise_(
    ^^^^^^^^^^^^
  File "C:\Users\SENA\Documents\OHTUIE\.venv\Lib\site-packages\sqlalchemy\util\compat.py", line 208, in raise_
    raise exception
    ^^^^^^^^^^^^^^^
  File "C:\Users\SENA\Documents\OHTUIE\.venv\Lib\site-packages\sqlalchemy\engine\base.py", line 1900, in _execute_context
    self.dialect.do_execute(
    ^^^^^^^^^^^^^^^^^^^^^^^^
  File "C:\Users\SENA\Documents\OHTUIE\.venv\Lib\site-packages\sqlalchemy\engine\default.py", line 736, in do_execute
    cursor.execute(statement, parameters)
    ^^^^^^^^^^^^^^^^^^^^^^^^^^^^^^^^^^^^^
  File "C:\Users\SENA\Documents\OHTUIE\.venv\Lib\site-packages\sqlalchemy\dialects\postgresql\asyncpg.py", line 479, in execute
    self._adapt_connection.await_(
    ^^^^^^^^^^^^^^^^^^^^^^^^^^^^^^
  File "C:\Users\SENA\Documents\OHTUIE\.venv\Lib\site-packages\sqlalchemy\util\_concurrency_py3k.py", line 68, in await_only
    return current.driver.switch(awaitable)
           ^^^^^^^^^^^^^^^^^^^^^^^^^^^^^^^^
  File "C:\Users\SENA\Documents\OHTUIE\.venv\Lib\site-packages\sqlalchemy\util\_concurrency_py3k.py", line 121, in greenlet_spawn
    value = await result
            ^^^^^^^^^^^^
  File "C:\Users\SENA\Documents\OHTUIE\.venv\Lib\site-packages\sqlalchemy\dialects\postgresql\asyncpg.py", line 454, in _prepare_and_execute
    self._handle_exception(error)
    ^^^^^^^^^^^^^^^^^^^^^^^^^^^^^
  File "C:\Users\SENA\Documents\OHTUIE\.venv\Lib\site-packages\sqlalchemy\dialects\postgresql\asyncpg.py", line 389, in _handle_exception
    self._adapt_connection._handle_exception(error)
    ^^^^^^^^^^^^^^^^^^^^^^^^^^^^^^^^^^^^^^^^^^^^^^^
  File "C:\Users\SENA\Documents\OHTUIE\.venv\Lib\site-packages\sqlalchemy\dialects\postgresql\asyncpg.py", line 682, in _handle_exception
    raise translated_error from error
    ^^^^^^^^^^^^^^^^^^^^^^^^^^^^^^^^^
sqlalchemy.exc.ProgrammingError: (sqlalchemy.dialects.postgresql.asyncpg.ProgrammingError) <class 'asyncpg.exceptions.UndefinedColumnError'>: column users.cycle_duration does not exist
[SQL: SELECT users.id, users.email, users.hashed_password, users.full_name, users.birthday, users.role, users.cycle_duration, users.period_duration, users.is_active, users.created_at, users.updated_at 
FROM users 
WHERE users.email = %s]
[parameters: ('luiyi4455@gmail.com',)]
(Background on this error at: https://sqlalche.me/e/14/f405)

[2026-02-27 19:09:49.803980] Error: (sqlalchemy.dialects.postgresql.asyncpg.ProgrammingError) <class 'asyncpg.exceptions.UndefinedColumnError'>: column users.failed_login_attempts does not exist
[SQL: SELECT users.id, users.email, users.hashed_password, users.full_name, users.birthday, users.role, users.cycle_duration, users.period_duration, users.is_active, users.failed_login_attempts, users.locked_until, users.created_at, users.updated_at 
FROM users 
WHERE users.email = %s]
[parameters: ('luiyi4455@gmail.com',)]
(Background on this error at: https://sqlalche.me/e/14/f405)
Traceback (most recent call last):
  File "C:\Users\SENA\Documents\OHTUIE\.venv\Lib\site-packages\sqlalchemy\dialects\postgresql\asyncpg.py", line 418, in _prepare_and_execute
    prepared_stmt, attributes = await adapt_connection._prepare(
                                ^^^^^^^^^^^^^^^^^^^^^^^^^^^^^^^^
  File "C:\Users\SENA\Documents\OHTUIE\.venv\Lib\site-packages\sqlalchemy\dialects\postgresql\asyncpg.py", line 644, in _prepare
    prepared_stmt = await self._connection.prepare(operation)
                    ^^^^^^^^^^^^^^^^^^^^^^^^^^^^^^^^^^^^^^^^^
  File "C:\Users\SENA\Documents\OHTUIE\.venv\Lib\site-packages\asyncpg\connection.py", line 638, in prepare
    return await self._prepare(
           ^^^^^^^^^^^^^^^^^^^^
  File "C:\Users\SENA\Documents\OHTUIE\.venv\Lib\site-packages\asyncpg\connection.py", line 657, in _prepare
    stmt = await self._get_statement(
           ^^^^^^^^^^^^^^^^^^^^^^^^^^
  File "C:\Users\SENA\Documents\OHTUIE\.venv\Lib\site-packages\asyncpg\connection.py", line 443, in _get_statement
    statement = await self._protocol.prepare(
                ^^^^^^^^^^^^^^^^^^^^^^^^^^^^^
  File "asyncpg/protocol/protocol.pyx", line 165, in prepare
asyncpg.exceptions.UndefinedColumnError: column users.failed_login_attempts does not exist

The above exception was the direct cause of the following exception:

Traceback (most recent call last):
  File "C:\Users\SENA\Documents\OHTUIE\.venv\Lib\site-packages\sqlalchemy\engine\base.py", line 1900, in _execute_context
    self.dialect.do_execute(
    ^^^^^^^^^^^^^^^^^^^^^^^^
  File "C:\Users\SENA\Documents\OHTUIE\.venv\Lib\site-packages\sqlalchemy\engine\default.py", line 736, in do_execute
    cursor.execute(statement, parameters)
    ^^^^^^^^^^^^^^^^^^^^^^^^^^^^^^^^^^^^^
  File "C:\Users\SENA\Documents\OHTUIE\.venv\Lib\site-packages\sqlalchemy\dialects\postgresql\asyncpg.py", line 479, in execute
    self._adapt_connection.await_(
    ^^^^^^^^^^^^^^^^^^^^^^^^^^^^^^
  File "C:\Users\SENA\Documents\OHTUIE\.venv\Lib\site-packages\sqlalchemy\util\_concurrency_py3k.py", line 68, in await_only
    return current.driver.switch(awaitable)
           ^^^^^^^^^^^^^^^^^^^^^^^^^^^^^^^^
  File "C:\Users\SENA\Documents\OHTUIE\.venv\Lib\site-packages\sqlalchemy\util\_concurrency_py3k.py", line 121, in greenlet_spawn
    value = await result
            ^^^^^^^^^^^^
  File "C:\Users\SENA\Documents\OHTUIE\.venv\Lib\site-packages\sqlalchemy\dialects\postgresql\asyncpg.py", line 454, in _prepare_and_execute
    self._handle_exception(error)
    ^^^^^^^^^^^^^^^^^^^^^^^^^^^^^
  File "C:\Users\SENA\Documents\OHTUIE\.venv\Lib\site-packages\sqlalchemy\dialects\postgresql\asyncpg.py", line 389, in _handle_exception
    self._adapt_connection._handle_exception(error)
    ^^^^^^^^^^^^^^^^^^^^^^^^^^^^^^^^^^^^^^^^^^^^^^^
  File "C:\Users\SENA\Documents\OHTUIE\.venv\Lib\site-packages\sqlalchemy\dialects\postgresql\asyncpg.py", line 682, in _handle_exception
    raise translated_error from error
    ^^^^^^^^^^^^^^^^^^^^^^^^^^^^^^^^^
sqlalchemy.dialects.postgresql.asyncpg.AsyncAdapt_asyncpg_dbapi.ProgrammingError: <class 'asyncpg.exceptions.UndefinedColumnError'>: column users.failed_login_attempts does not exist

The above exception was the direct cause of the following exception:

Traceback (most recent call last):
  File "C:\Users\SENA\Documents\OHTUIE\app\api\v1\endpoints\login.py", line 22, in login_access_token
    user = await crud.user.authenticate(
           ^^^^^^^^^^^^^^^^^^^^^^^^^^^^^
  File "C:\Users\SENA\Documents\OHTUIE\app\crud\crud_user.py", line 44, in authenticate
    user = await self.get_by_email(db, email=email)
           ^^^^^^^^^^^^^^^^^^^^^^^^^^^^^^^^^^^^^^^^
  File "C:\Users\SENA\Documents\OHTUIE\app\crud\crud_user.py", line 14, in get_by_email
    result = await db.execute(select(User).filter(User.email == email))
             ^^^^^^^^^^^^^^^^^^^^^^^^^^^^^^^^^^^^^^^^^^^^^^^^^^^^^^^^^^
  File "C:\Users\SENA\Documents\OHTUIE\.venv\Lib\site-packages\sqlalchemy\ext\asyncio\session.py", line 215, in execute
    result = await greenlet_spawn(
             ^^^^^^^^^^^^^^^^^^^^^
  File "C:\Users\SENA\Documents\OHTUIE\.venv\Lib\site-packages\sqlalchemy\util\_concurrency_py3k.py", line 126, in greenlet_spawn
    result = context.throw(*sys.exc_info())
             ^^^^^^^^^^^^^^^^^^^^^^^^^^^^^^
  File "C:\Users\SENA\Documents\OHTUIE\.venv\Lib\site-packages\sqlalchemy\orm\session.py", line 1712, in execute
    result = conn._execute_20(statement, params or {}, execution_options)
             ^^^^^^^^^^^^^^^^^^^^^^^^^^^^^^^^^^^^^^^^^^^^^^^^^^^^^^^^^^^^
  File "C:\Users\SENA\Documents\OHTUIE\.venv\Lib\site-packages\sqlalchemy\engine\base.py", line 1705, in _execute_20
    return meth(self, args_10style, kwargs_10style, execution_options)
           ^^^^^^^^^^^^^^^^^^^^^^^^^^^^^^^^^^^^^^^^^^^^^^^^^^^^^^^^^^^
  File "C:\Users\SENA\Documents\OHTUIE\.venv\Lib\site-packages\sqlalchemy\sql\elements.py", line 333, in _execute_on_connection
    return connection._execute_clauseelement(
           ^^^^^^^^^^^^^^^^^^^^^^^^^^^^^^^^^^
  File "C:\Users\SENA\Documents\OHTUIE\.venv\Lib\site-packages\sqlalchemy\engine\base.py", line 1572, in _execute_clauseelement
    ret = self._execute_context(
          ^^^^^^^^^^^^^^^^^^^^^^
  File "C:\Users\SENA\Documents\OHTUIE\.venv\Lib\site-packages\sqlalchemy\engine\base.py", line 1943, in _execute_context
    self._handle_dbapi_exception(
    ^^^^^^^^^^^^^^^^^^^^^^^^^^^^^
  File "C:\Users\SENA\Documents\OHTUIE\.venv\Lib\site-packages\sqlalchemy\engine\base.py", line 2124, in _handle_dbapi_exception
    util.raise_(
    ^^^^^^^^^^^^
  File "C:\Users\SENA\Documents\OHTUIE\.venv\Lib\site-packages\sqlalchemy\util\compat.py", line 208, in raise_
    raise exception
    ^^^^^^^^^^^^^^^
  File "C:\Users\SENA\Documents\OHTUIE\.venv\Lib\site-packages\sqlalchemy\engine\base.py", line 1900, in _execute_context
    self.dialect.do_execute(
    ^^^^^^^^^^^^^^^^^^^^^^^^
  File "C:\Users\SENA\Documents\OHTUIE\.venv\Lib\site-packages\sqlalchemy\engine\default.py", line 736, in do_execute
    cursor.execute(statement, parameters)
    ^^^^^^^^^^^^^^^^^^^^^^^^^^^^^^^^^^^^^
  File "C:\Users\SENA\Documents\OHTUIE\.venv\Lib\site-packages\sqlalchemy\dialects\postgresql\asyncpg.py", line 479, in execute
    self._adapt_connection.await_(
    ^^^^^^^^^^^^^^^^^^^^^^^^^^^^^^
  File "C:\Users\SENA\Documents\OHTUIE\.venv\Lib\site-packages\sqlalchemy\util\_concurrency_py3k.py", line 68, in await_only
    return current.driver.switch(awaitable)
           ^^^^^^^^^^^^^^^^^^^^^^^^^^^^^^^^
  File "C:\Users\SENA\Documents\OHTUIE\.venv\Lib\site-packages\sqlalchemy\util\_concurrency_py3k.py", line 121, in greenlet_spawn
    value = await result
            ^^^^^^^^^^^^
  File "C:\Users\SENA\Documents\OHTUIE\.venv\Lib\site-packages\sqlalchemy\dialects\postgresql\asyncpg.py", line 454, in _prepare_and_execute
    self._handle_exception(error)
    ^^^^^^^^^^^^^^^^^^^^^^^^^^^^^
  File "C:\Users\SENA\Documents\OHTUIE\.venv\Lib\site-packages\sqlalchemy\dialects\postgresql\asyncpg.py", line 389, in _handle_exception
    self._adapt_connection._handle_exception(error)
    ^^^^^^^^^^^^^^^^^^^^^^^^^^^^^^^^^^^^^^^^^^^^^^^
  File "C:\Users\SENA\Documents\OHTUIE\.venv\Lib\site-packages\sqlalchemy\dialects\postgresql\asyncpg.py", line 682, in _handle_exception
    raise translated_error from error
    ^^^^^^^^^^^^^^^^^^^^^^^^^^^^^^^^^
sqlalchemy.exc.ProgrammingError: (sqlalchemy.dialects.postgresql.asyncpg.ProgrammingError) <class 'asyncpg.exceptions.UndefinedColumnError'>: column users.failed_login_attempts does not exist
[SQL: SELECT users.id, users.email, users.hashed_password, users.full_name, users.birthday, users.role, users.cycle_duration, users.period_duration, users.is_active, users.failed_login_attempts, users.locked_until, users.created_at, users.updated_at 
FROM users 
WHERE users.email = %s]
[parameters: ('luiyi4455@gmail.com',)]
(Background on this error at: https://sqlalche.me/e/14/f405)

[2026-02-27 19:11:43.852984] Error: (sqlalchemy.dialects.postgresql.asyncpg.ProgrammingError) <class 'asyncpg.exceptions.UndefinedColumnError'>: column users.failed_login_attempts does not exist
[SQL: SELECT users.id, users.email, users.hashed_password, users.full_name, users.birthday, users.role, users.cycle_duration, users.period_duration, users.is_active, users.failed_login_attempts, users.locked_until, users.created_at, users.updated_at 
FROM users 
WHERE users.email = %s]
[parameters: ('luiyi4455@gmail.com',)]
(Background on this error at: https://sqlalche.me/e/14/f405)
Traceback (most recent call last):
  File "C:\Users\SENA\Documents\OHTUIE\.venv\Lib\site-packages\sqlalchemy\dialects\postgresql\asyncpg.py", line 418, in _prepare_and_execute
    prepared_stmt, attributes = await adapt_connection._prepare(
                                ^^^^^^^^^^^^^^^^^^^^^^^^^^^^^^^^
  File "C:\Users\SENA\Documents\OHTUIE\.venv\Lib\site-packages\sqlalchemy\dialects\postgresql\asyncpg.py", line 644, in _prepare
    prepared_stmt = await self._connection.prepare(operation)
                    ^^^^^^^^^^^^^^^^^^^^^^^^^^^^^^^^^^^^^^^^^
  File "C:\Users\SENA\Documents\OHTUIE\.venv\Lib\site-packages\asyncpg\connection.py", line 638, in prepare
    return await self._prepare(
           ^^^^^^^^^^^^^^^^^^^^
  File "C:\Users\SENA\Documents\OHTUIE\.venv\Lib\site-packages\asyncpg\connection.py", line 657, in _prepare
    stmt = await self._get_statement(
           ^^^^^^^^^^^^^^^^^^^^^^^^^^
  File "C:\Users\SENA\Documents\OHTUIE\.venv\Lib\site-packages\asyncpg\connection.py", line 443, in _get_statement
    statement = await self._protocol.prepare(
                ^^^^^^^^^^^^^^^^^^^^^^^^^^^^^
  File "asyncpg/protocol/protocol.pyx", line 165, in prepare
asyncpg.exceptions.UndefinedColumnError: column users.failed_login_attempts does not exist

The above exception was the direct cause of the following exception:

Traceback (most recent call last):
  File "C:\Users\SENA\Documents\OHTUIE\.venv\Lib\site-packages\sqlalchemy\engine\base.py", line 1900, in _execute_context
    self.dialect.do_execute(
    ^^^^^^^^^^^^^^^^^^^^^^^^
  File "C:\Users\SENA\Documents\OHTUIE\.venv\Lib\site-packages\sqlalchemy\engine\default.py", line 736, in do_execute
    cursor.execute(statement, parameters)
    ^^^^^^^^^^^^^^^^^^^^^^^^^^^^^^^^^^^^^
  File "C:\Users\SENA\Documents\OHTUIE\.venv\Lib\site-packages\sqlalchemy\dialects\postgresql\asyncpg.py", line 479, in execute
    self._adapt_connection.await_(
    ^^^^^^^^^^^^^^^^^^^^^^^^^^^^^^
  File "C:\Users\SENA\Documents\OHTUIE\.venv\Lib\site-packages\sqlalchemy\util\_concurrency_py3k.py", line 68, in await_only
    return current.driver.switch(awaitable)
           ^^^^^^^^^^^^^^^^^^^^^^^^^^^^^^^^
  File "C:\Users\SENA\Documents\OHTUIE\.venv\Lib\site-packages\sqlalchemy\util\_concurrency_py3k.py", line 121, in greenlet_spawn
    value = await result
            ^^^^^^^^^^^^
  File "C:\Users\SENA\Documents\OHTUIE\.venv\Lib\site-packages\sqlalchemy\dialects\postgresql\asyncpg.py", line 454, in _prepare_and_execute
    self._handle_exception(error)
    ^^^^^^^^^^^^^^^^^^^^^^^^^^^^^
  File "C:\Users\SENA\Documents\OHTUIE\.venv\Lib\site-packages\sqlalchemy\dialects\postgresql\asyncpg.py", line 389, in _handle_exception
    self._adapt_connection._handle_exception(error)
    ^^^^^^^^^^^^^^^^^^^^^^^^^^^^^^^^^^^^^^^^^^^^^^^
  File "C:\Users\SENA\Documents\OHTUIE\.venv\Lib\site-packages\sqlalchemy\dialects\postgresql\asyncpg.py", line 682, in _handle_exception
    raise translated_error from error
    ^^^^^^^^^^^^^^^^^^^^^^^^^^^^^^^^^
sqlalchemy.dialects.postgresql.asyncpg.AsyncAdapt_asyncpg_dbapi.ProgrammingError: <class 'asyncpg.exceptions.UndefinedColumnError'>: column users.failed_login_attempts does not exist

The above exception was the direct cause of the following exception:

Traceback (most recent call last):
  File "C:\Users\SENA\Documents\OHTUIE\app\api\v1\endpoints\login.py", line 22, in login_access_token
    user = await crud.user.authenticate(
           ^^^^^^^^^^^^^^^^^^^^^^^^^^^^^
  File "C:\Users\SENA\Documents\OHTUIE\app\crud\crud_user.py", line 44, in authenticate
    user = await self.get_by_email(db, email=email)
           ^^^^^^^^^^^^^^^^^^^^^^^^^^^^^^^^^^^^^^^^
  File "C:\Users\SENA\Documents\OHTUIE\app\crud\crud_user.py", line 14, in get_by_email
    result = await db.execute(select(User).filter(User.email == email))
             ^^^^^^^^^^^^^^^^^^^^^^^^^^^^^^^^^^^^^^^^^^^^^^^^^^^^^^^^^^
  File "C:\Users\SENA\Documents\OHTUIE\.venv\Lib\site-packages\sqlalchemy\ext\asyncio\session.py", line 215, in execute
    result = await greenlet_spawn(
             ^^^^^^^^^^^^^^^^^^^^^
  File "C:\Users\SENA\Documents\OHTUIE\.venv\Lib\site-packages\sqlalchemy\util\_concurrency_py3k.py", line 126, in greenlet_spawn
    result = context.throw(*sys.exc_info())
             ^^^^^^^^^^^^^^^^^^^^^^^^^^^^^^
  File "C:\Users\SENA\Documents\OHTUIE\.venv\Lib\site-packages\sqlalchemy\orm\session.py", line 1712, in execute
    result = conn._execute_20(statement, params or {}, execution_options)
             ^^^^^^^^^^^^^^^^^^^^^^^^^^^^^^^^^^^^^^^^^^^^^^^^^^^^^^^^^^^^
  File "C:\Users\SENA\Documents\OHTUIE\.venv\Lib\site-packages\sqlalchemy\engine\base.py", line 1705, in _execute_20
    return meth(self, args_10style, kwargs_10style, execution_options)
           ^^^^^^^^^^^^^^^^^^^^^^^^^^^^^^^^^^^^^^^^^^^^^^^^^^^^^^^^^^^
  File "C:\Users\SENA\Documents\OHTUIE\.venv\Lib\site-packages\sqlalchemy\sql\elements.py", line 333, in _execute_on_connection
    return connection._execute_clauseelement(
           ^^^^^^^^^^^^^^^^^^^^^^^^^^^^^^^^^^
  File "C:\Users\SENA\Documents\OHTUIE\.venv\Lib\site-packages\sqlalchemy\engine\base.py", line 1572, in _execute_clauseelement
    ret = self._execute_context(
          ^^^^^^^^^^^^^^^^^^^^^^
  File "C:\Users\SENA\Documents\OHTUIE\.venv\Lib\site-packages\sqlalchemy\engine\base.py", line 1943, in _execute_context
    self._handle_dbapi_exception(
    ^^^^^^^^^^^^^^^^^^^^^^^^^^^^^
  File "C:\Users\SENA\Documents\OHTUIE\.venv\Lib\site-packages\sqlalchemy\engine\base.py", line 2124, in _handle_dbapi_exception
    util.raise_(
    ^^^^^^^^^^^^
  File "C:\Users\SENA\Documents\OHTUIE\.venv\Lib\site-packages\sqlalchemy\util\compat.py", line 208, in raise_
    raise exception
    ^^^^^^^^^^^^^^^
  File "C:\Users\SENA\Documents\OHTUIE\.venv\Lib\site-packages\sqlalchemy\engine\base.py", line 1900, in _execute_context
    self.dialect.do_execute(
    ^^^^^^^^^^^^^^^^^^^^^^^^
  File "C:\Users\SENA\Documents\OHTUIE\.venv\Lib\site-packages\sqlalchemy\engine\default.py", line 736, in do_execute
    cursor.execute(statement, parameters)
    ^^^^^^^^^^^^^^^^^^^^^^^^^^^^^^^^^^^^^
  File "C:\Users\SENA\Documents\OHTUIE\.venv\Lib\site-packages\sqlalchemy\dialects\postgresql\asyncpg.py", line 479, in execute
    self._adapt_connection.await_(
    ^^^^^^^^^^^^^^^^^^^^^^^^^^^^^^
  File "C:\Users\SENA\Documents\OHTUIE\.venv\Lib\site-packages\sqlalchemy\util\_concurrency_py3k.py", line 68, in await_only
    return current.driver.switch(awaitable)
           ^^^^^^^^^^^^^^^^^^^^^^^^^^^^^^^^
  File "C:\Users\SENA\Documents\OHTUIE\.venv\Lib\site-packages\sqlalchemy\util\_concurrency_py3k.py", line 121, in greenlet_spawn
    value = await result
            ^^^^^^^^^^^^
  File "C:\Users\SENA\Documents\OHTUIE\.venv\Lib\site-packages\sqlalchemy\dialects\postgresql\asyncpg.py", line 454, in _prepare_and_execute
    self._handle_exception(error)
    ^^^^^^^^^^^^^^^^^^^^^^^^^^^^^
  File "C:\Users\SENA\Documents\OHTUIE\.venv\Lib\site-packages\sqlalchemy\dialects\postgresql\asyncpg.py", line 389, in _handle_exception
    self._adapt_connection._handle_exception(error)
    ^^^^^^^^^^^^^^^^^^^^^^^^^^^^^^^^^^^^^^^^^^^^^^^
  File "C:\Users\SENA\Documents\OHTUIE\.venv\Lib\site-packages\sqlalchemy\dialects\postgresql\asyncpg.py", line 682, in _handle_exception
    raise translated_error from error
    ^^^^^^^^^^^^^^^^^^^^^^^^^^^^^^^^^
sqlalchemy.exc.ProgrammingError: (sqlalchemy.dialects.postgresql.asyncpg.ProgrammingError) <class 'asyncpg.exceptions.UndefinedColumnError'>: column users.failed_login_attempts does not exist
[SQL: SELECT users.id, users.email, users.hashed_password, users.full_name, users.birthday, users.role, users.cycle_duration, users.period_duration, users.is_active, users.failed_login_attempts, users.locked_until, users.created_at, users.updated_at 
FROM users 
WHERE users.email = %s]
[parameters: ('luiyi4455@gmail.com',)]
(Background on this error at: https://sqlalche.me/e/14/f405)

[2026-02-27 19:12:30.967100] Error: (sqlalchemy.dialects.postgresql.asyncpg.ProgrammingError) <class 'asyncpg.exceptions.UndefinedColumnError'>: column users.failed_login_attempts does not exist
[SQL: SELECT users.id, users.email, users.hashed_password, users.full_name, users.birthday, users.role, users.cycle_duration, users.period_duration, users.is_active, users.failed_login_attempts, users.locked_until, users.created_at, users.updated_at 
FROM users 
WHERE users.email = %s]
[parameters: ('luiyi4455@gmail.com',)]
(Background on this error at: https://sqlalche.me/e/14/f405)
Traceback (most recent call last):
  File "C:\Users\SENA\Documents\OHTUIE\.venv\Lib\site-packages\sqlalchemy\dialects\postgresql\asyncpg.py", line 418, in _prepare_and_execute
    prepared_stmt, attributes = await adapt_connection._prepare(
                                ^^^^^^^^^^^^^^^^^^^^^^^^^^^^^^^^
  File "C:\Users\SENA\Documents\OHTUIE\.venv\Lib\site-packages\sqlalchemy\dialects\postgresql\asyncpg.py", line 644, in _prepare
    prepared_stmt = await self._connection.prepare(operation)
                    ^^^^^^^^^^^^^^^^^^^^^^^^^^^^^^^^^^^^^^^^^
  File "C:\Users\SENA\Documents\OHTUIE\.venv\Lib\site-packages\asyncpg\connection.py", line 638, in prepare
    return await self._prepare(
           ^^^^^^^^^^^^^^^^^^^^
  File "C:\Users\SENA\Documents\OHTUIE\.venv\Lib\site-packages\asyncpg\connection.py", line 657, in _prepare
    stmt = await self._get_statement(
           ^^^^^^^^^^^^^^^^^^^^^^^^^^
  File "C:\Users\SENA\Documents\OHTUIE\.venv\Lib\site-packages\asyncpg\connection.py", line 443, in _get_statement
    statement = await self._protocol.prepare(
                ^^^^^^^^^^^^^^^^^^^^^^^^^^^^^
  File "asyncpg/protocol/protocol.pyx", line 165, in prepare
asyncpg.exceptions.UndefinedColumnError: column users.failed_login_attempts does not exist

The above exception was the direct cause of the following exception:

Traceback (most recent call last):
  File "C:\Users\SENA\Documents\OHTUIE\.venv\Lib\site-packages\sqlalchemy\engine\base.py", line 1900, in _execute_context
    self.dialect.do_execute(
    ^^^^^^^^^^^^^^^^^^^^^^^^
  File "C:\Users\SENA\Documents\OHTUIE\.venv\Lib\site-packages\sqlalchemy\engine\default.py", line 736, in do_execute
    cursor.execute(statement, parameters)
    ^^^^^^^^^^^^^^^^^^^^^^^^^^^^^^^^^^^^^
  File "C:\Users\SENA\Documents\OHTUIE\.venv\Lib\site-packages\sqlalchemy\dialects\postgresql\asyncpg.py", line 479, in execute
    self._adapt_connection.await_(
    ^^^^^^^^^^^^^^^^^^^^^^^^^^^^^^
  File "C:\Users\SENA\Documents\OHTUIE\.venv\Lib\site-packages\sqlalchemy\util\_concurrency_py3k.py", line 68, in await_only
    return current.driver.switch(awaitable)
           ^^^^^^^^^^^^^^^^^^^^^^^^^^^^^^^^
  File "C:\Users\SENA\Documents\OHTUIE\.venv\Lib\site-packages\sqlalchemy\util\_concurrency_py3k.py", line 121, in greenlet_spawn
    value = await result
            ^^^^^^^^^^^^
  File "C:\Users\SENA\Documents\OHTUIE\.venv\Lib\site-packages\sqlalchemy\dialects\postgresql\asyncpg.py", line 454, in _prepare_and_execute
    self._handle_exception(error)
    ^^^^^^^^^^^^^^^^^^^^^^^^^^^^^
  File "C:\Users\SENA\Documents\OHTUIE\.venv\Lib\site-packages\sqlalchemy\dialects\postgresql\asyncpg.py", line 389, in _handle_exception
    self._adapt_connection._handle_exception(error)
    ^^^^^^^^^^^^^^^^^^^^^^^^^^^^^^^^^^^^^^^^^^^^^^^
  File "C:\Users\SENA\Documents\OHTUIE\.venv\Lib\site-packages\sqlalchemy\dialects\postgresql\asyncpg.py", line 682, in _handle_exception
    raise translated_error from error
    ^^^^^^^^^^^^^^^^^^^^^^^^^^^^^^^^^
sqlalchemy.dialects.postgresql.asyncpg.AsyncAdapt_asyncpg_dbapi.ProgrammingError: <class 'asyncpg.exceptions.UndefinedColumnError'>: column users.failed_login_attempts does not exist

The above exception was the direct cause of the following exception:

Traceback (most recent call last):
  File "C:\Users\SENA\Documents\OHTUIE\app\api\v1\endpoints\login.py", line 22, in login_access_token
    user = await crud.user.authenticate(
           ^^^^^^^^^^^^^^^^^^^^^^^^^^^^^
  File "C:\Users\SENA\Documents\OHTUIE\app\crud\crud_user.py", line 44, in authenticate
    user = await self.get_by_email(db, email=email)
           ^^^^^^^^^^^^^^^^^^^^^^^^^^^^^^^^^^^^^^^^
  File "C:\Users\SENA\Documents\OHTUIE\app\crud\crud_user.py", line 14, in get_by_email
    result = await db.execute(select(User).filter(User.email == email))
             ^^^^^^^^^^^^^^^^^^^^^^^^^^^^^^^^^^^^^^^^^^^^^^^^^^^^^^^^^^
  File "C:\Users\SENA\Documents\OHTUIE\.venv\Lib\site-packages\sqlalchemy\ext\asyncio\session.py", line 215, in execute
    result = await greenlet_spawn(
             ^^^^^^^^^^^^^^^^^^^^^
  File "C:\Users\SENA\Documents\OHTUIE\.venv\Lib\site-packages\sqlalchemy\util\_concurrency_py3k.py", line 126, in greenlet_spawn
    result = context.throw(*sys.exc_info())
             ^^^^^^^^^^^^^^^^^^^^^^^^^^^^^^
  File "C:\Users\SENA\Documents\OHTUIE\.venv\Lib\site-packages\sqlalchemy\orm\session.py", line 1712, in execute
    result = conn._execute_20(statement, params or {}, execution_options)
             ^^^^^^^^^^^^^^^^^^^^^^^^^^^^^^^^^^^^^^^^^^^^^^^^^^^^^^^^^^^^
  File "C:\Users\SENA\Documents\OHTUIE\.venv\Lib\site-packages\sqlalchemy\engine\base.py", line 1705, in _execute_20
    return meth(self, args_10style, kwargs_10style, execution_options)
           ^^^^^^^^^^^^^^^^^^^^^^^^^^^^^^^^^^^^^^^^^^^^^^^^^^^^^^^^^^^
  File "C:\Users\SENA\Documents\OHTUIE\.venv\Lib\site-packages\sqlalchemy\sql\elements.py", line 333, in _execute_on_connection
    return connection._execute_clauseelement(
           ^^^^^^^^^^^^^^^^^^^^^^^^^^^^^^^^^^
  File "C:\Users\SENA\Documents\OHTUIE\.venv\Lib\site-packages\sqlalchemy\engine\base.py", line 1572, in _execute_clauseelement
    ret = self._execute_context(
          ^^^^^^^^^^^^^^^^^^^^^^
  File "C:\Users\SENA\Documents\OHTUIE\.venv\Lib\site-packages\sqlalchemy\engine\base.py", line 1943, in _execute_context
    self._handle_dbapi_exception(
    ^^^^^^^^^^^^^^^^^^^^^^^^^^^^^
  File "C:\Users\SENA\Documents\OHTUIE\.venv\Lib\site-packages\sqlalchemy\engine\base.py", line 2124, in _handle_dbapi_exception
    util.raise_(
    ^^^^^^^^^^^^
  File "C:\Users\SENA\Documents\OHTUIE\.venv\Lib\site-packages\sqlalchemy\util\compat.py", line 208, in raise_
    raise exception
    ^^^^^^^^^^^^^^^
  File "C:\Users\SENA\Documents\OHTUIE\.venv\Lib\site-packages\sqlalchemy\engine\base.py", line 1900, in _execute_context
    self.dialect.do_execute(
    ^^^^^^^^^^^^^^^^^^^^^^^^
  File "C:\Users\SENA\Documents\OHTUIE\.venv\Lib\site-packages\sqlalchemy\engine\default.py", line 736, in do_execute
    cursor.execute(statement, parameters)
    ^^^^^^^^^^^^^^^^^^^^^^^^^^^^^^^^^^^^^
  File "C:\Users\SENA\Documents\OHTUIE\.venv\Lib\site-packages\sqlalchemy\dialects\postgresql\asyncpg.py", line 479, in execute
    self._adapt_connection.await_(
    ^^^^^^^^^^^^^^^^^^^^^^^^^^^^^^
  File "C:\Users\SENA\Documents\OHTUIE\.venv\Lib\site-packages\sqlalchemy\util\_concurrency_py3k.py", line 68, in await_only
    return current.driver.switch(awaitable)
           ^^^^^^^^^^^^^^^^^^^^^^^^^^^^^^^^
  File "C:\Users\SENA\Documents\OHTUIE\.venv\Lib\site-packages\sqlalchemy\util\_concurrency_py3k.py", line 121, in greenlet_spawn
    value = await result
            ^^^^^^^^^^^^
  File "C:\Users\SENA\Documents\OHTUIE\.venv\Lib\site-packages\sqlalchemy\dialects\postgresql\asyncpg.py", line 454, in _prepare_and_execute
    self._handle_exception(error)
    ^^^^^^^^^^^^^^^^^^^^^^^^^^^^^
  File "C:\Users\SENA\Documents\OHTUIE\.venv\Lib\site-packages\sqlalchemy\dialects\postgresql\asyncpg.py", line 389, in _handle_exception
    self._adapt_connection._handle_exception(error)
    ^^^^^^^^^^^^^^^^^^^^^^^^^^^^^^^^^^^^^^^^^^^^^^^
  File "C:\Users\SENA\Documents\OHTUIE\.venv\Lib\site-packages\sqlalchemy\dialects\postgresql\asyncpg.py", line 682, in _handle_exception
    raise translated_error from error
    ^^^^^^^^^^^^^^^^^^^^^^^^^^^^^^^^^
sqlalchemy.exc.ProgrammingError: (sqlalchemy.dialects.postgresql.asyncpg.ProgrammingError) <class 'asyncpg.exceptions.UndefinedColumnError'>: column users.failed_login_attempts does not exist
[SQL: SELECT users.id, users.email, users.hashed_password, users.full_name, users.birthday, users.role, users.cycle_duration, users.period_duration, users.is_active, users.failed_login_attempts, users.locked_until, users.created_at, users.updated_at 
FROM users 
WHERE users.email = %s]
[parameters: ('luiyi4455@gmail.com',)]
(Background on this error at: https://sqlalche.me/e/14/f405)
